# a commen,age
name, age
# Sally is my sister
Sally Jean,# she really is
# another comment
# 

