# a commented CSV file
# 
name, age
# Sally is my sister
Sally   Jean,21 # she really is
  # another comment
# 
